<?xml version="1.0" encoding="UTF-8"?>
<TestRun id="5fb0d64e-aee8-4129-a7f8-3498bfb355e9" name="wuyq@POS744 2011-04-06 20:45:13" runUser="POS744\wuyq" xmlns="http://microsoft.com/schemas/VisualStudio/TeamTest/2010">
  <TestSettings name="Local" id="0ba809b6-7e05-4f0e-a3d9-7ff8e45887e5">
    <Description>These are default test settings for a local test run.</Description>
    <Deployment enabled="false" runDeploymentRoot="wuyq_POS744 2011-04-06 20_45_13">
      <DeploymentItem filename="d:\MyDocs\Visual Studio 2010\Projects\GitExtTest\PersistData\bin\Debug\PersistData.dll" />
    </Deployment>
    <Execution>
      <TestTypeSpecific />
      <AgentRule name="Execution Agents">
      </AgentRule>
    </Execution>
  </TestSettings>
  <Times creation="2011-04-06T20:45:13.3906250+08:00" queuing="2011-04-06T20:45:15.1250000+08:00" start="2011-04-06T20:45:15.2968750+08:00" finish="2011-04-06T20:45:24.6875000+08:00" />
  <ResultSummary outcome="Failed">
    <Counters total="1" executed="1" error="0" failed="1" timeout="0" aborted="0" inconclusive="0" passedButRunAborted="0" notRunnable="0" notExecuted="0" disconnected="0" warning="0" passed="0" completed="0" inProgress="0" pending="0" />
  </ResultSummary>
  <TestDefinitions>
    <UnitTest name="TestMethod1" storage="d:\mydocs\visual studio 2010\projects\gitexttest\testproject_persist\bin\debug\testproject_persist.dll" id="f98ae9e8-ea37-41ef-f607-119e6fe0cae0">
      <Execution id="b7bebd5f-d9f8-4740-a1c8-e3c7e42cc426" />
      <TestMethod codeBase="d:/MyDocs/Visual Studio 2010/Projects/GitExtTest/TestProject_Persist/bin/Debug/TestProject_Persist.DLL" adapterTypeName="Microsoft.VisualStudio.TestTools.TestTypes.Unit.UnitTestAdapter, Microsoft.VisualStudio.QualityTools.Tips.UnitTest.Adapter, Version=10.0.0.0, Culture=neutral, PublicKeyToken=b03f5f7f11d50a3a" className="TestProject_Persist.PersitDataUnitTest, TestProject_Persist, Version=1.0.0.0, Culture=neutral, PublicKeyToken=null" name="TestMethod1" />
    </UnitTest>
  </TestDefinitions>
  <TestLists>
    <TestList name="Results Not in a List" id="8c84fa94-04c1-424b-9868-57a2d4851a1d" />
    <TestList name="All Loaded Results" id="19431567-8539-422a-85d7-44ee4e166bda" />
  </TestLists>
  <TestEntries>
    <TestEntry testId="f98ae9e8-ea37-41ef-f607-119e6fe0cae0" executionId="b7bebd5f-d9f8-4740-a1c8-e3c7e42cc426" testListId="8c84fa94-04c1-424b-9868-57a2d4851a1d" />
  </TestEntries>
  <Results>
    <UnitTestResult executionId="b7bebd5f-d9f8-4740-a1c8-e3c7e42cc426" testId="f98ae9e8-ea37-41ef-f607-119e6fe0cae0" testName="TestMethod1" computerName="POS744" duration="00:00:08.1262247" startTime="2011-04-06T20:45:15.3750000+08:00" endTime="2011-04-06T20:45:24.5625000+08:00" testType="13cdc9d9-ddb5-4fa4-a97d-d965ccfc6d4b" outcome="Failed" testListId="8c84fa94-04c1-424b-9868-57a2d4851a1d" relativeResultsDirectory="b7bebd5f-d9f8-4740-a1c8-e3c7e42cc426">
      <Output>
        <ErrorInfo>
          <Message>Test method TestProject_Persist.PersitDataUnitTest.TestMethod1 threw exception: 
System.TypeInitializationException: The type initializer for 'PersistData.NHibernateHelper' threw an exception. ---&gt; NHibernate.Cfg.HibernateConfigException: An exception occurred during configuration of persistence layer. ---&gt; System.IO.FileNotFoundException: Could not find file 'd:\MyDocs\Visual Studio 2010\Projects\GitExtTest\TestProject_Persist\bin\Debug\hibernate.cfg.xml'.</Message>
          <StackTrace>    at System.IO.__Error.WinIOError(Int32 errorCode, String maybeFullPath)
   at System.IO.FileStream.Init(String path, FileMode mode, FileAccess access, Int32 rights, Boolean useRights, FileShare share, Int32 bufferSize, FileOptions options, SECURITY_ATTRIBUTES secAttrs, String msgPath, Boolean bFromProxy, Boolean useLongPath)
   at System.IO.FileStream..ctor(String path, FileMode mode, FileAccess access, FileShare share, Int32 bufferSize)
   at System.Xml.XmlDownloadManager.GetStream(Uri uri, ICredentials credentials, IWebProxy proxy, RequestCachePolicy cachePolicy)
   at System.Xml.XmlUrlResolver.GetEntity(Uri absoluteUri, String role, Type ofObjectToReturn)
   at System.Xml.XmlTextReaderImpl.OpenUrlDelegate(Object xmlResolver)
   at System.Threading.CompressedStack.runTryCode(Object userData)
   at System.Runtime.CompilerServices.RuntimeHelpers.ExecuteCodeWithGuaranteedCleanup(TryCode code, CleanupCode backoutCode, Object userData)
   at System.Threading.CompressedStack.Run(CompressedStack compressedStack, ContextCallback callback, Object state)
   at System.Xml.XmlTextReaderImpl.OpenUrl()
   at System.Xml.XmlTextReaderImpl.Read()
   at System.Xml.XmlTextReader.Read()
   at System.Xml.XmlCharCheckingReader.Read()
   at System.Xml.XsdValidatingReader.Read()
   at System.Xml.XPath.XPathDocument.LoadFromReader(XmlReader reader, XmlSpace space)
   at System.Xml.XPath.XPathDocument..ctor(XmlReader reader, XmlSpace space)
   at System.Xml.XPath.XPathDocument..ctor(XmlReader reader)
   at NHibernate.Cfg.ConfigurationSchema.HibernateConfiguration..ctor(XmlReader hbConfigurationReader, Boolean fromAppSetting)
 --- End of inner exception stack trace ---
    at NHibernate.Cfg.ConfigurationSchema.HibernateConfiguration..ctor(XmlReader hbConfigurationReader, Boolean fromAppSetting)
   at NHibernate.Cfg.ConfigurationSchema.HibernateConfiguration..ctor(XmlReader hbConfigurationReader)
   at NHibernate.Cfg.Configuration.Configure(XmlReader textReader)
   at NHibernate.Cfg.Configuration.Configure(String fileName, Boolean ignoreSessionFactoryConfig)
   at NHibernate.Cfg.Configuration.Configure(String fileName)
   at NHibernate.Cfg.Configuration.Configure()
   at PersistData.NHibernateHelper..cctor() in d:\MyDocs\Visual Studio 2010\Projects\GitExtTest\PersistData\NHibernateHelper.cs:line 20
 --- End of inner exception stack trace ---
    at PersistData.NHibernateHelper.GetCurrentSession()
   at PersistData.DishItemObjs.GetAllDishItem() in d:\MyDocs\Visual Studio 2010\Projects\GitExtTest\PersistData\DishItemObjs.cs:line 18
   at TestProject_Persist.PersitDataUnitTest.TestMethod1() in d:\MyDocs\Visual Studio 2010\Projects\GitExtTest\TestProject_Persist\PersitDataUnitTest.cs:line 17
</StackTrace>
        </ErrorInfo>
      </Output>
    </UnitTestResult>
  </Results>
</TestRun>