<?xml version="1.0" encoding="UTF-8"?>
<TestRun id="babe611d-f9a6-46bb-81fe-c9515d96bb95" name="wuyq@POS744 2011-04-09 21:31:04" runUser="POS744\wuyq" xmlns="http://microsoft.com/schemas/VisualStudio/TeamTest/2010">
  <TestSettings name="Local" id="0ba809b6-7e05-4f0e-a3d9-7ff8e45887e5">
    <Description>These are default test settings for a local test run.</Description>
    <Deployment enabled="false" runDeploymentRoot="wuyq_POS744 2011-04-09 21_31_04">
      <DeploymentItem filename="C:\Documents and Settings\wuyq\WebDevAssgn\BusinessTier\bin\Debug\BusinessTier.dll" />
      <DeploymentItem filename="C:\Documents and Settings\wuyq\WebDevAssgn\PersistData\bin\Debug\PersistData.dll" />
    </Deployment>
    <Execution>
      <TestTypeSpecific />
      <AgentRule name="Execution Agents">
      </AgentRule>
    </Execution>
  </TestSettings>
  <Times creation="2011-04-09T21:31:04.4531250+08:00" queuing="2011-04-09T21:31:07.3437500+08:00" start="2011-04-09T21:31:07.5625000+08:00" finish="2011-04-09T21:31:54.2812500+08:00" />
  <ResultSummary outcome="Error">
    <Counters total="1" executed="1" error="0" failed="0" timeout="0" aborted="1" inconclusive="0" passedButRunAborted="0" notRunnable="0" notExecuted="0" disconnected="0" warning="0" passed="0" completed="0" inProgress="0" pending="0" />
    <RunInfos>
      <RunInfo computerName="POS744" outcome="Error" timestamp="2011-04-09T21:31:54.2656250+08:00">
        <Text>Test host process exited unexpectedly.</Text>
      </RunInfo>
    </RunInfos>
  </ResultSummary>
  <TestDefinitions>
    <UnitTest name="TestMethod1" storage="c:\documents and settings\wuyq\webdevassgn\testproject_persist\bin\debug\testproject_persist.dll" id="f98ae9e8-ea37-41ef-f607-119e6fe0cae0">
      <Execution id="812c7157-0ac1-48a3-b73b-303b4600477d" />
      <TestMethod codeBase="C:/Documents and Settings/wuyq/WebDevAssgn/TestProject_Persist/bin/Debug/TestProject_Persist.DLL" adapterTypeName="Microsoft.VisualStudio.TestTools.TestTypes.Unit.UnitTestAdapter, Microsoft.VisualStudio.QualityTools.Tips.UnitTest.Adapter, Version=10.0.0.0, Culture=neutral, PublicKeyToken=b03f5f7f11d50a3a" className="TestProject_Persist.PersitDataUnitTest, TestProject_Persist, Version=1.0.0.0, Culture=neutral, PublicKeyToken=null" name="TestMethod1" />
    </UnitTest>
  </TestDefinitions>
  <TestLists>
    <TestList name="Results Not in a List" id="8c84fa94-04c1-424b-9868-57a2d4851a1d" />
    <TestList name="All Loaded Results" id="19431567-8539-422a-85d7-44ee4e166bda" />
  </TestLists>
  <TestEntries>
    <TestEntry testId="f98ae9e8-ea37-41ef-f607-119e6fe0cae0" executionId="812c7157-0ac1-48a3-b73b-303b4600477d" testListId="8c84fa94-04c1-424b-9868-57a2d4851a1d" />
  </TestEntries>
  <Results>
    <UnitTestResult executionId="812c7157-0ac1-48a3-b73b-303b4600477d" testId="f98ae9e8-ea37-41ef-f607-119e6fe0cae0" testName="TestMethod1" computerName="POS744" duration="00:00:46.4218750" startTime="2011-04-09T21:31:07.8593750+08:00" endTime="2011-04-09T21:31:54.2812500+08:00" testType="13cdc9d9-ddb5-4fa4-a97d-d965ccfc6d4b" outcome="Aborted" testListId="8c84fa94-04c1-424b-9868-57a2d4851a1d" relativeResultsDirectory="812c7157-0ac1-48a3-b73b-303b4600477d">
    </UnitTestResult>
  </Results>
</TestRun>