<?xml version="1.0" encoding="UTF-8"?>
<TestRun id="2c3b66ba-e5d0-4c52-94e6-0378280cda39" name="wuyq@POS744 2011-04-06 21:24:59" runUser="POS744\wuyq" xmlns="http://microsoft.com/schemas/VisualStudio/TeamTest/2010">
  <TestSettings name="Local" id="0ba809b6-7e05-4f0e-a3d9-7ff8e45887e5">
    <Description>These are default test settings for a local test run.</Description>
    <Deployment enabled="false" runDeploymentRoot="wuyq_POS744 2011-04-06 21_24_59">
      <DeploymentItem filename="d:\MyDocs\Visual Studio 2010\Projects\GitExtTest\BusinessTier\bin\Debug\BusinessTier.dll" />
      <DeploymentItem filename="d:\MyDocs\Visual Studio 2010\Projects\GitExtTest\PersistData\bin\Debug\PersistData.dll" />
    </Deployment>
    <Execution>
      <TestTypeSpecific />
      <AgentRule name="Execution Agents">
      </AgentRule>
    </Execution>
  </TestSettings>
  <Times creation="2011-04-06T21:24:59.2343750+08:00" queuing="2011-04-06T21:25:02.2812500+08:00" start="2011-04-06T21:25:02.4843750+08:00" finish="2011-04-06T21:25:07.4843750+08:00" />
  <ResultSummary outcome="Completed">
    <Counters total="1" executed="1" passed="1" error="0" failed="0" timeout="0" aborted="0" inconclusive="0" passedButRunAborted="0" notRunnable="0" notExecuted="0" disconnected="0" warning="0" completed="0" inProgress="0" pending="0" />
  </ResultSummary>
  <TestDefinitions>
    <UnitTest name="TestMethod1" storage="d:\mydocs\visual studio 2010\projects\gitexttest\testproject_persist\bin\debug\testproject_persist.dll" id="f98ae9e8-ea37-41ef-f607-119e6fe0cae0">
      <Execution id="4c168023-3dd0-41b9-8dac-71357555ff84" />
      <TestMethod codeBase="d:/MyDocs/Visual Studio 2010/Projects/GitExtTest/TestProject_Persist/bin/Debug/TestProject_Persist.DLL" adapterTypeName="Microsoft.VisualStudio.TestTools.TestTypes.Unit.UnitTestAdapter, Microsoft.VisualStudio.QualityTools.Tips.UnitTest.Adapter, Version=10.0.0.0, Culture=neutral, PublicKeyToken=b03f5f7f11d50a3a" className="TestProject_Persist.PersitDataUnitTest, TestProject_Persist, Version=1.0.0.0, Culture=neutral, PublicKeyToken=null" name="TestMethod1" />
    </UnitTest>
  </TestDefinitions>
  <TestLists>
    <TestList name="Results Not in a List" id="8c84fa94-04c1-424b-9868-57a2d4851a1d" />
    <TestList name="All Loaded Results" id="19431567-8539-422a-85d7-44ee4e166bda" />
  </TestLists>
  <TestEntries>
    <TestEntry testId="f98ae9e8-ea37-41ef-f607-119e6fe0cae0" executionId="4c168023-3dd0-41b9-8dac-71357555ff84" testListId="8c84fa94-04c1-424b-9868-57a2d4851a1d" />
  </TestEntries>
  <Results>
    <UnitTestResult executionId="4c168023-3dd0-41b9-8dac-71357555ff84" testId="f98ae9e8-ea37-41ef-f607-119e6fe0cae0" testName="TestMethod1" computerName="POS744" duration="00:00:03.6670912" startTime="2011-04-06T21:25:02.5781250+08:00" endTime="2011-04-06T21:25:07.3281250+08:00" testType="13cdc9d9-ddb5-4fa4-a97d-d965ccfc6d4b" outcome="Passed" testListId="8c84fa94-04c1-424b-9868-57a2d4851a1d" relativeResultsDirectory="4c168023-3dd0-41b9-8dac-71357555ff84">
      <Output>
        <StdOut>4</StdOut>
      </Output>
    </UnitTestResult>
  </Results>
</TestRun>